Sections:
00: "code" (0-EF)
01: "data" (0-E)
02: "variables" (0-1C)


Source: "tasks.s"
                            	     1: ; Starts a second process with CreateProc, as SAS/C programs do, and returns 1000 in D0 if the two tasks share the
                            	     2: ; CPU correctly.
                            	     3: ; Build: vasmm68k_mot -Fhunkexe -nosym -L tasks.lst -o tasks tasks.s
                            	     4: ;
                            	     5: ; The two tasks wait for each other in busy loops, so they work only if the scheduler switches tasks at safe points.
                            	     6: ; At the end, the child signals the main task, and the main task waits for the signal.
                            	     7: 
                            	     8: SysBase			= 4
                            	     9: _LVOFindTask		= -294
                            	    10: _LVOWait		= -318
                            	    11: _LVOSignal		= -324
                            	    12: _LVOAllocSignal		= -330
                            	    13: _LVOCloseLibrary	= -414
                            	    14: _LVOOpenLibrary		= -552
                            	    15: _LVOCreateProc		= -138
                            	    16: 
                            	    17: 			SECTION	code,CODE
                            	    18: 
00:00000000 48E73F3E        	    19: Start:			MOVEM.L	D2-D7/A2-A6,-(A7)
00:00000004 2C780004        	    20: 			MOVEA.L	SysBase,A6
00:00000008 43FA00CE        	    21: 			LEA	DosName(PC),A1
00:0000000C 7000            	    22: 			MOVEQ	#0,D0
00:0000000E 4EAEFDD8        	    23: 			JSR	_LVOOpenLibrary(A6)
00:00000012 23C000000000    	    24: 			MOVE.L	D0,DosBase
00:00000018 93C9            	    25: 			SUBA.L	A1,A1
00:0000001A 4EAEFEDA        	    26: 			JSR	_LVOFindTask(A6)
00:0000001E 23C000000004    	    27: 			MOVE.L	D0,MainTask
00:00000024 70FF            	    28: 			MOVEQ	#-1,D0
00:00000026 4EAEFEB6        	    29: 			JSR	_LVOAllocSignal(A6)
00:0000002A 7200            	    30: 			MOVEQ	#0,D1
00:0000002C 01C1            	    31: 			BSET	D0,D1
00:0000002E 23C10000000C    	    32: 			MOVE.L	D1,Mask
                            	    33: 
                            	    34: ; The segment list is a BPTR to a long that has the next segment (none), and the code follows it.
00:00000034 263C00000004    	    35: 			MOVE.L	#SegmentList+4,D3
00:0000003A E48B            	    36: 			LSR.L	#2,D3
00:0000003C 223C000000E4    	    37: 			MOVE.L	#ChildName,D1
00:00000042 7400            	    38: 			MOVEQ	#0,D2
00:00000044 283C00001000    	    39: 			MOVE.L	#4096,D4
00:0000004A 2C7900000000    	    40: 			MOVEA.L	DosBase,A6
00:00000050 4EAEFF76        	    41: 			JSR	_LVOCreateProc(A6)
                            	    42: 
                            	    43: ; Wait in a busy loop until the child runs, then let it continue.
00:00000054 4AB900000010    	    44: .spin:			TST.L	Started
00:0000005A 67F8            	    45: 			BEQ.S	.spin
00:0000005C 23FC000000010000	    46: 			MOVE.L	#1,Go
00:00000064 0014
                            	    47: 
                            	    48: ; Wait for the signal of the child.
00:00000066 2C780004        	    49: 			MOVEA.L	SysBase,A6
00:0000006A 20390000000C    	    50: 			MOVE.L	Mask,D0
00:00000070 4EAEFEC2        	    51: 			JSR	_LVOWait(A6)
                            	    52: 
00:00000074 227900000000    	    53: 			MOVEA.L	DosBase,A1
00:0000007A 4EAEFE62        	    54: 			JSR	_LVOCloseLibrary(A6)
00:0000007E 203900000018    	    55: 			MOVE.L	Counter,D0
00:00000084 223900000008    	    56: 			MOVE.L	ChildTask,D1
00:0000008A B2B900000004    	    57: 			CMP.L	MainTask,D1
00:00000090 6602            	    58: 			BNE.S	.exit
00:00000092 7000            	    59: 			MOVEQ	#0,D0			;the child ran as the main task
00:00000094 4CDF7CFC        	    60: .exit:			MOVEM.L	(A7)+,D2-D7/A2-A6
00:00000098 4E75            	    61: 			RTS
                            	    62: 
                            	    63: ; The code of the child process.
00:0000009A 2C780004        	    64: Child:			MOVEA.L	SysBase,A6
00:0000009E 93C9            	    65: 			SUBA.L	A1,A1
00:000000A0 4EAEFEDA        	    66: 			JSR	_LVOFindTask(A6)
00:000000A4 23C000000008    	    67: 			MOVE.L	D0,ChildTask
00:000000AA 23FC000000010000	    68: 			MOVE.L	#1,Started
00:000000B2 0010
00:000000B4 4AB900000014    	    69: .wait:			TST.L	Go
00:000000BA 67F8            	    70: 			BEQ.S	.wait
00:000000BC 23FC000003E80000	    71: 			MOVE.L	#1000,Counter
00:000000C4 0018
00:000000C6 227900000004    	    72: 			MOVEA.L	MainTask,A1
00:000000CC 20390000000C    	    73: 			MOVE.L	Mask,D0
00:000000D2 4EAEFEBC        	    74: 			JSR	_LVOSignal(A6)
00:000000D6 4E75            	    75: 			RTS
                            	    76: 
00:000000D8 646F732E6C696272	    77: DosName:		DC.B	"dos.library",0
00:000000E0 617279
00:000000E3 00
00:000000E4 6368696C64207461	    78: ChildName:		DC.B	"child task",0
00:000000EC 736B
00:000000EE 00
                            	    79: 
                            	    80: 			SECTION	data,DATA
                            	    81: ; A memory block with the size first, then the segment: the BPTR to the next segment, and a JMP to the child.
01:00000000 00000010        	    82: SegmentList:		DC.L	16
01:00000004 00000000        	    83: 			DC.L	0
01:00000008 4EF9            	    84: 			DC.W	$4EF9
01:0000000A 0000009A        	    85: 			DC.L	Child
                            	    86: 
                            	    87: 			SECTION	variables,BSS
02:00000000 00000000        	    88: DosBase:		DS.L	1
02:00000004 00000000        	    89: MainTask:		DS.L	1
02:00000008 00000000        	    90: ChildTask:		DS.L	1
02:0000000C 00000000        	    91: Mask:			DS.L	1
02:00000010 00000000        	    92: Started:		DS.L	1
02:00000014 00000000        	    93: Go:			DS.L	1
02:00000018 00000000        	    94: Counter:		DS.L	1
                            	    95: 


Symbols by name:
Child                           00:0000009A
ChildName                       00:000000E4
ChildTask                       02:00000008
Counter                         02:00000018
DosBase                         02:00000000
DosName                         00:000000D8
Go                              02:00000014
MainTask                        02:00000004
Mask                            02:0000000C
SegmentList                     01:00000000
Start                           00:00000000
Started                         02:00000010
SysBase                          E:00000004
_LVOAllocSignal                  E:FFFFFEB6
_LVOCloseLibrary                 E:FFFFFE62
_LVOCreateProc                   E:FFFFFF76
_LVOFindTask                     E:FFFFFEDA
_LVOOpenLibrary                  E:FFFFFDD8
_LVOSignal                       E:FFFFFEBC
_LVOWait                         E:FFFFFEC2

Symbols by value:
FFFFFDD8 _LVOOpenLibrary
FFFFFE62 _LVOCloseLibrary
FFFFFEB6 _LVOAllocSignal
FFFFFEBC _LVOSignal
FFFFFEC2 _LVOWait
FFFFFEDA _LVOFindTask
FFFFFF76 _LVOCreateProc
00000000 Start
00000000 DosBase
00000000 SegmentList
00000004 SysBase
00000004 MainTask
00000008 ChildTask
0000000C Mask
00000010 Started
00000014 Go
00000018 Counter
0000009A Child
000000D8 DosName
000000E4 ChildName
